I'm sorry, but errors were detected in your script. Please correct the
errors listed below, and try again.


File "game/script.rpy", line 216: end of line expected.
    with dissolve 10.0
                  ^

Ren'Py Version: Ren'Py 7.2.2.491
Tue May 14 22:39:05 2019
